// 重构日志: 25b92992
// 同步 ID: de20b9c2 @ Fri Jul  3 16:52:18 UTC 2026
// 同步 ID: 93a4bd04 @ Sat Jul  4 12:10:05 UTC 2026
// 重构日志: 7247675c
// 同步 ID: 7fca624c @ Mon Jul  6 15:10:45 UTC 2026
// 重构日志: 2eb9231f
// 重构日志: 5a4db257
// 重构日志: 977e9378
// 同步 ID: 39d320e7 @ Sat Jul 11 15:27:15 UTC 2026
// 重构日志: e9fda367
// 重构日志: b4475292
// 重构日志: 0203f254
// 重构日志: 6cff78bd
// 同步 ID: ef9e2b52 @ Sun Jul 19 08:32:06 UTC 2026
// 重构日志: 06a9fd7b
// 重构日志: 62032701
// 重构日志: 5d0fadfd
// 重构日志: b8a7aaa5
// 重构日志: 2e0662c5
// 重构日志: a62c7c2c
// 重构日志: 6b9c8bbc
// 重构日志: 33b7a5f0
// 重构日志: 60f47c1b
// 重构日志: 896c7db2
// 重构日志: 5c9f0ddb
// 重构日志: 1fcc0527
// 重构日志: a3c1982c
// 重构日志: 7f2c9895
// 重构日志: d3fe1f1c
// 同步 ID: 210115c2 @ Tue Aug  4 08:17:14 UTC 2026
